// Vitest Snapshot v1, https://vitest.dev/guide/snapshot.html

exports[`tsquery: > tsquery - :has: > should handle has with no parent 1`] = `
[
  NodeObject {
    "emitNode": undefined,
    "end": 13,
    "flags": 0,
    "id": 0,
    "jsDoc": undefined,
    "kind": 227,
    "left": IdentifierObject {
      "emitNode": undefined,
      "end": 7,
      "escapedText": "x",
      "flags": 0,
      "flowNode": undefined,
      "id": 0,
      "jsDoc": undefined,
      "kind": 80,
      "parent": [Circular],
      "pos": 6,
      "symbol": undefined,
      "transformFlags": 0,
    },
    "localSymbol": undefined,
    "modifierFlagsCache": 0,
    "operatorToken": TokenObject {
      "emitNode": undefined,
      "end": 11,
      "flags": 0,
      "id": 0,
      "kind": 37,
      "parent": [Circular],
      "pos": 7,
      "transformFlags": 0,
    },
    "original": undefined,
    "parent": NodeObject {
      "elseStatement": NodeObject {
        "emitNode": undefined,
        "end": 49,
        "flags": 0,
        "id": 0,
        "jsDoc": undefined,
        "kind": 242,
        "locals": undefined,
        "modifierFlagsCache": 0,
        "multiLine": true,
        "nextContainer": undefined,
        "original": undefined,
        "parent": [Circular],
        "pos": 34,
        "statements": [
          NodeObject {
            "emitNode": undefined,
            "end": 47,
            "expression": NodeObject {
              "emitNode": undefined,
              "end": 46,
              "flags": 0,
              "id": 0,
              "jsDoc": undefined,
              "kind": 227,
              "left": IdentifierObject {
                "emitNode": undefined,
                "end": 42,
                "escapedText": "x",
                "flags": 0,
                "flowNode": undefined,
                "id": 0,
                "jsDoc": undefined,
                "kind": 80,
                "parent": [Circular],
                "pos": 36,
                "symbol": undefined,
                "transformFlags": 0,
              },
              "localSymbol": undefined,
              "modifierFlagsCache": 0,
              "operatorToken": TokenObject {
                "emitNode": undefined,
                "end": 44,
                "flags": 0,
                "id": 0,
                "kind": 64,
                "parent": [Circular],
                "pos": 42,
                "transformFlags": 0,
              },
              "original": undefined,
              "parent": [Circular],
              "pos": 36,
              "right": NodeObject {
                "emitNode": undefined,
                "end": 46,
                "flags": 0,
                "id": 0,
                "kind": 9,
                "localSymbol": undefined,
                "modifierFlagsCache": 0,
                "numericLiteralFlags": 0,
                "original": undefined,
                "parent": [Circular],
                "pos": 44,
                "symbol": undefined,
                "text": "2",
                "transformFlags": 0,
              },
              "symbol": undefined,
              "transformFlags": 0,
            },
            "flags": 0,
            "flowNode": undefined,
            "id": 0,
            "jsDoc": undefined,
            "kind": 245,
            "modifierFlagsCache": 0,
            "original": undefined,
            "parent": [Circular],
            "pos": 36,
            "transformFlags": 0,
          },
        ],
        "transformFlags": 0,
      },
      "emitNode": undefined,
      "end": 49,
      "expression": [Circular],
      "flags": 0,
      "flowNode": undefined,
      "id": 0,
      "jsDoc": undefined,
      "kind": 246,
      "modifierFlagsCache": 0,
      "original": undefined,
      "parent": SourceFileObject {
        "ambientModuleNames": undefined,
        "amdDependencies": [],
        "bindDiagnostics": [],
        "bindSuggestionDiagnostics": undefined,
        "checkJsDirective": undefined,
        "classifiableNames": undefined,
        "commentDirectives": undefined,
        "emitNode": undefined,
        "end": 128,
        "endFlowNode": undefined,
        "endOfFileToken": TokenObject {
          "emitNode": undefined,
          "end": 128,
          "flags": 0,
          "id": 0,
          "kind": 1,
          "parent": [Circular],
          "pos": 126,
          "transformFlags": 0,
        },
        "externalModuleIndicator": undefined,
        "fileName": "",
        "flags": 0,
        "hasNoDefaultLib": false,
        "id": 0,
        "identifierCount": 7,
        "identifiers": Map {
          "x" => "x",
          "foo" => "foo",
          "y" => "y",
        },
        "impliedNodeFormat": undefined,
        "imports": undefined,
        "isDeclarationFile": false,
        "jsDocParsingMode": 0,
        "kind": 308,
        "languageVariant": 1,
        "languageVersion": 99,
        "libReferenceDirectives": [],
        "lineMap": undefined,
        "locals": undefined,
        "modifierFlagsCache": 0,
        "moduleAugmentations": undefined,
        "nextContainer": undefined,
        "nodeCount": 43,
        "original": undefined,
        "originalFileName": "",
        "packageJsonLocations": undefined,
        "packageJsonScope": undefined,
        "parent": undefined,
        "parseDiagnostics": [],
        "path": "",
        "pos": 0,
        "pragmas": Map {},
        "referencedFiles": [],
        "resolvedPath": "",
        "scriptKind": 4,
        "setExternalModuleIndicator": [Function],
        "statements": [
          [Circular],
          NodeObject {
            "elseStatement": NodeObject {
              "elseStatement": undefined,
              "emitNode": undefined,
              "end": 126,
              "expression": TokenObject {
                "emitNode": undefined,
                "end": 110,
                "flags": 0,
                "id": 0,
                "kind": 97,
                "parent": [Circular],
                "pos": 105,
                "transformFlags": 0,
              },
              "flags": 0,
              "flowNode": undefined,
              "id": 0,
              "jsDoc": undefined,
              "kind": 246,
              "modifierFlagsCache": 0,
              "original": undefined,
              "parent": [Circular],
              "pos": 100,
              "thenStatement": NodeObject {
                "emitNode": undefined,
                "end": 126,
                "flags": 0,
                "id": 0,
                "jsDoc": undefined,
                "kind": 242,
                "locals": undefined,
                "modifierFlagsCache": 0,
                "multiLine": true,
                "nextContainer": undefined,
                "original": undefined,
                "parent": [Circular],
                "pos": 111,
                "statements": [
                  NodeObject {
                    "emitNode": undefined,
                    "end": 124,
                    "expression": NodeObject {
                      "emitNode": undefined,
                      "end": 123,
                      "flags": 0,
                      "id": 0,
                      "jsDoc": undefined,
                      "kind": 227,
                      "left": IdentifierObject {
                        "emitNode": undefined,
                        "end": 119,
                        "escapedText": "y",
                        "flags": 0,
                        "flowNode": undefined,
                        "id": 0,
                        "jsDoc": undefined,
                        "kind": 80,
                        "parent": [Circular],
                        "pos": 113,
                        "symbol": undefined,
                        "transformFlags": 0,
                      },
                      "localSymbol": undefined,
                      "modifierFlagsCache": 0,
                      "operatorToken": TokenObject {
                        "emitNode": undefined,
                        "end": 121,
                        "flags": 0,
                        "id": 0,
                        "kind": 64,
                        "parent": [Circular],
                        "pos": 119,
                        "transformFlags": 0,
                      },
                      "original": undefined,
                      "parent": [Circular],
                      "pos": 113,
                      "right": NodeObject {
                        "emitNode": undefined,
                        "end": 123,
                        "flags": 0,
                        "id": 0,
                        "kind": 9,
                        "localSymbol": undefined,
                        "modifierFlagsCache": 0,
                        "numericLiteralFlags": 0,
                        "original": undefined,
                        "parent": [Circular],
                        "pos": 121,
                        "symbol": undefined,
                        "text": "1",
                        "transformFlags": 0,
                      },
                      "symbol": undefined,
                      "transformFlags": 0,
                    },
                    "flags": 0,
                    "flowNode": undefined,
                    "id": 0,
                    "jsDoc": undefined,
                    "kind": 245,
                    "modifierFlagsCache": 0,
                    "original": undefined,
                    "parent": [Circular],
                    "pos": 113,
                    "transformFlags": 0,
                  },
                ],
                "transformFlags": 0,
              },
              "transformFlags": 0,
            },
            "emitNode": undefined,
            "end": 126,
            "expression": NodeObject {
              "emitNode": undefined,
              "end": 78,
              "flags": 0,
              "id": 0,
              "jsDoc": undefined,
              "kind": 227,
              "left": NodeObject {
                "emitNode": undefined,
                "end": 73,
                "flags": 0,
                "id": 0,
                "jsDoc": undefined,
                "kind": 227,
                "left": NodeObject {
                  "emitNode": undefined,
                  "end": 65,
                  "flags": 0,
                  "id": 0,
                  "jsDoc": undefined,
                  "kind": 227,
                  "left": IdentifierObject {
                    "emitNode": undefined,
                    "end": 55,
                    "escapedText": "x",
                    "flags": 0,
                    "flowNode": undefined,
                    "id": 0,
                    "jsDoc": undefined,
                    "kind": 80,
                    "parent": [Circular],
                    "pos": 54,
                    "symbol": undefined,
                    "transformFlags": 0,
                  },
                  "localSymbol": undefined,
                  "modifierFlagsCache": 0,
                  "operatorToken": TokenObject {
                    "emitNode": undefined,
                    "end": 58,
                    "flags": 0,
                    "id": 0,
                    "kind": 35,
                    "parent": [Circular],
                    "pos": 55,
                    "transformFlags": 0,
                  },
                  "original": undefined,
                  "parent": [Circular],
                  "pos": 54,
                  "right": NodeObject {
                    "emitNode": undefined,
                    "end": 65,
                    "flags": 0,
                    "hasExtendedUnicodeEscape": false,
                    "id": 0,
                    "kind": 11,
                    "localSymbol": undefined,
                    "modifierFlagsCache": 0,
                    "original": undefined,
                    "parent": [Circular],
                    "pos": 58,
                    "singleQuote": undefined,
                    "symbol": undefined,
                    "text": "test",
                    "transformFlags": 0,
                  },
                  "symbol": undefined,
                  "transformFlags": 0,
                },
                "localSymbol": undefined,
                "modifierFlagsCache": 0,
                "operatorToken": TokenObject {
                  "emitNode": undefined,
                  "end": 68,
                  "flags": 0,
                  "id": 0,
                  "kind": 56,
                  "parent": [Circular],
                  "pos": 65,
                  "transformFlags": 0,
                },
                "original": undefined,
                "parent": [Circular],
                "pos": 54,
                "right": TokenObject {
                  "emitNode": undefined,
                  "end": 73,
                  "flags": 0,
                  "id": 0,
                  "kind": 112,
                  "parent": [Circular],
                  "pos": 68,
                  "transformFlags": 0,
                },
                "symbol": undefined,
                "transformFlags": 0,
              },
              "localSymbol": undefined,
              "modifierFlagsCache": 0,
              "operatorToken": TokenObject {
                "emitNode": undefined,
                "end": 76,
                "flags": 0,
                "id": 0,
                "kind": 57,
                "parent": [Circular],
                "pos": 73,
                "transformFlags": 0,
              },
              "original": undefined,
              "parent": [Circular],
              "pos": 54,
              "right": IdentifierObject {
                "emitNode": undefined,
                "end": 78,
                "escapedText": "x",
                "flags": 0,
                "flowNode": undefined,
                "id": 0,
                "jsDoc": undefined,
                "kind": 80,
                "parent": [Circular],
                "pos": 76,
                "symbol": undefined,
                "transformFlags": 0,
              },
              "symbol": undefined,
              "transformFlags": 0,
            },
            "flags": 0,
            "flowNode": undefined,
            "id": 0,
            "jsDoc": undefined,
            "kind": 246,
            "modifierFlagsCache": 0,
            "original": undefined,
            "parent": [Circular],
            "pos": 49,
            "thenStatement": NodeObject {
              "emitNode": undefined,
              "end": 95,
              "flags": 0,
              "id": 0,
              "jsDoc": undefined,
              "kind": 242,
              "locals": undefined,
              "modifierFlagsCache": 0,
              "multiLine": true,
              "nextContainer": undefined,
              "original": undefined,
              "parent": [Circular],
              "pos": 79,
              "statements": [
                NodeObject {
                  "emitNode": undefined,
                  "end": 93,
                  "expression": NodeObject {
                    "emitNode": undefined,
                    "end": 92,
                    "flags": 0,
                    "id": 0,
                    "jsDoc": undefined,
                    "kind": 227,
                    "left": IdentifierObject {
                      "emitNode": undefined,
                      "end": 87,
                      "escapedText": "y",
                      "flags": 0,
                      "flowNode": undefined,
                      "id": 0,
                      "jsDoc": undefined,
                      "kind": 80,
                      "parent": [Circular],
                      "pos": 81,
                      "symbol": undefined,
                      "transformFlags": 0,
                    },
                    "localSymbol": undefined,
                    "modifierFlagsCache": 0,
                    "operatorToken": TokenObject {
                      "emitNode": undefined,
                      "end": 89,
                      "flags": 0,
                      "id": 0,
                      "kind": 64,
                      "parent": [Circular],
                      "pos": 87,
                      "transformFlags": 0,
                    },
                    "original": undefined,
                    "parent": [Circular],
                    "pos": 81,
                    "right": NodeObject {
                      "emitNode": undefined,
                      "end": 92,
                      "flags": 0,
                      "id": 0,
                      "kind": 225,
                      "modifierFlagsCache": 0,
                      "operand": NodeObject {
                        "emitNode": undefined,
                        "end": 92,
                        "flags": 0,
                        "id": 0,
                        "kind": 9,
                        "localSymbol": undefined,
                        "modifierFlagsCache": 0,
                        "numericLiteralFlags": 0,
                        "original": undefined,
                        "parent": [Circular],
                        "pos": 91,
                        "symbol": undefined,
                        "text": "1",
                        "transformFlags": 0,
                      },
                      "operator": 41,
                      "original": undefined,
                      "parent": [Circular],
                      "pos": 89,
                      "transformFlags": 0,
                    },
                    "symbol": undefined,
                    "transformFlags": 0,
                  },
                  "flags": 0,
                  "flowNode": undefined,
                  "id": 0,
                  "jsDoc": undefined,
                  "kind": 245,
                  "modifierFlagsCache": 0,
                  "original": undefined,
                  "parent": [Circular],
                  "pos": 81,
                  "transformFlags": 0,
                },
              ],
              "transformFlags": 0,
            },
            "transformFlags": 0,
          },
        ],
        "symbolCount": 0,
        "text": "

if (x === 1) {
    foo();
} else {
    x = 2;
}
if (x == 'test' && true || x) {
    y = -1;
} else if (false) {
    y = 1;
}

",
        "transformFlags": 0,
        "typeReferenceDirectives": [],
      },
      "pos": 0,
      "thenStatement": NodeObject {
        "emitNode": undefined,
        "end": 29,
        "flags": 0,
        "id": 0,
        "jsDoc": undefined,
        "kind": 242,
        "locals": undefined,
        "modifierFlagsCache": 0,
        "multiLine": true,
        "nextContainer": undefined,
        "original": undefined,
        "parent": [Circular],
        "pos": 14,
        "statements": [
          NodeObject {
            "emitNode": undefined,
            "end": 27,
            "expression": NodeObject {
              "arguments": [],
              "emitNode": undefined,
              "end": 26,
              "expression": IdentifierObject {
                "emitNode": undefined,
                "end": 24,
                "escapedText": "foo",
                "flags": 0,
                "flowNode": undefined,
                "id": 0,
                "jsDoc": undefined,
                "kind": 80,
                "parent": [Circular],
                "pos": 16,
                "symbol": undefined,
                "transformFlags": 0,
              },
              "flags": 0,
              "id": 0,
              "kind": 214,
              "localSymbol": undefined,
              "modifierFlagsCache": 0,
              "original": undefined,
              "parent": [Circular],
              "pos": 16,
              "questionDotToken": undefined,
              "symbol": undefined,
              "transformFlags": 0,
              "typeArguments": undefined,
            },
            "flags": 0,
            "flowNode": undefined,
            "id": 0,
            "jsDoc": undefined,
            "kind": 245,
            "modifierFlagsCache": 0,
            "original": undefined,
            "parent": [Circular],
            "pos": 16,
            "transformFlags": 0,
          },
        ],
        "transformFlags": 0,
      },
      "transformFlags": 0,
    },
    "pos": 6,
    "right": NodeObject {
      "emitNode": undefined,
      "end": 13,
      "flags": 0,
      "id": 0,
      "kind": 9,
      "localSymbol": undefined,
      "modifierFlagsCache": 0,
      "numericLiteralFlags": 0,
      "original": undefined,
      "parent": [Circular],
      "pos": 11,
      "symbol": undefined,
      "text": "1",
      "transformFlags": 0,
    },
    "symbol": undefined,
    "transformFlags": 0,
  },
  NodeObject {
    "emitNode": undefined,
    "end": 46,
    "flags": 0,
    "id": 0,
    "jsDoc": undefined,
    "kind": 227,
    "left": IdentifierObject {
      "emitNode": undefined,
      "end": 42,
      "escapedText": "x",
      "flags": 0,
      "flowNode": undefined,
      "id": 0,
      "jsDoc": undefined,
      "kind": 80,
      "parent": [Circular],
      "pos": 36,
      "symbol": undefined,
      "transformFlags": 0,
    },
    "localSymbol": undefined,
    "modifierFlagsCache": 0,
    "operatorToken": TokenObject {
      "emitNode": undefined,
      "end": 44,
      "flags": 0,
      "id": 0,
      "kind": 64,
      "parent": [Circular],
      "pos": 42,
      "transformFlags": 0,
    },
    "original": undefined,
    "parent": NodeObject {
      "emitNode": undefined,
      "end": 47,
      "expression": [Circular],
      "flags": 0,
      "flowNode": undefined,
      "id": 0,
      "jsDoc": undefined,
      "kind": 245,
      "modifierFlagsCache": 0,
      "original": undefined,
      "parent": NodeObject {
        "emitNode": undefined,
        "end": 49,
        "flags": 0,
        "id": 0,
        "jsDoc": undefined,
        "kind": 242,
        "locals": undefined,
        "modifierFlagsCache": 0,
        "multiLine": true,
        "nextContainer": undefined,
        "original": undefined,
        "parent": NodeObject {
          "elseStatement": [Circular],
          "emitNode": undefined,
          "end": 49,
          "expression": NodeObject {
            "emitNode": undefined,
            "end": 13,
            "flags": 0,
            "id": 0,
            "jsDoc": undefined,
            "kind": 227,
            "left": IdentifierObject {
              "emitNode": undefined,
              "end": 7,
              "escapedText": "x",
              "flags": 0,
              "flowNode": undefined,
              "id": 0,
              "jsDoc": undefined,
              "kind": 80,
              "parent": [Circular],
              "pos": 6,
              "symbol": undefined,
              "transformFlags": 0,
            },
            "localSymbol": undefined,
            "modifierFlagsCache": 0,
            "operatorToken": TokenObject {
              "emitNode": undefined,
              "end": 11,
              "flags": 0,
              "id": 0,
              "kind": 37,
              "parent": [Circular],
              "pos": 7,
              "transformFlags": 0,
            },
            "original": undefined,
            "parent": [Circular],
            "pos": 6,
            "right": NodeObject {
              "emitNode": undefined,
              "end": 13,
              "flags": 0,
              "id": 0,
              "kind": 9,
              "localSymbol": undefined,
              "modifierFlagsCache": 0,
              "numericLiteralFlags": 0,
              "original": undefined,
              "parent": [Circular],
              "pos": 11,
              "symbol": undefined,
              "text": "1",
              "transformFlags": 0,
            },
            "symbol": undefined,
            "transformFlags": 0,
          },
          "flags": 0,
          "flowNode": undefined,
          "id": 0,
          "jsDoc": undefined,
          "kind": 246,
          "modifierFlagsCache": 0,
          "original": undefined,
          "parent": SourceFileObject {
            "ambientModuleNames": undefined,
            "amdDependencies": [],
            "bindDiagnostics": [],
            "bindSuggestionDiagnostics": undefined,
            "checkJsDirective": undefined,
            "classifiableNames": undefined,
            "commentDirectives": undefined,
            "emitNode": undefined,
            "end": 128,
            "endFlowNode": undefined,
            "endOfFileToken": TokenObject {
              "emitNode": undefined,
              "end": 128,
              "flags": 0,
              "id": 0,
              "kind": 1,
              "parent": [Circular],
              "pos": 126,
              "transformFlags": 0,
            },
            "externalModuleIndicator": undefined,
            "fileName": "",
            "flags": 0,
            "hasNoDefaultLib": false,
            "id": 0,
            "identifierCount": 7,
            "identifiers": Map {
              "x" => "x",
              "foo" => "foo",
              "y" => "y",
            },
            "impliedNodeFormat": undefined,
            "imports": undefined,
            "isDeclarationFile": false,
            "jsDocParsingMode": 0,
            "kind": 308,
            "languageVariant": 1,
            "languageVersion": 99,
            "libReferenceDirectives": [],
            "lineMap": undefined,
            "locals": undefined,
            "modifierFlagsCache": 0,
            "moduleAugmentations": undefined,
            "nextContainer": undefined,
            "nodeCount": 43,
            "original": undefined,
            "originalFileName": "",
            "packageJsonLocations": undefined,
            "packageJsonScope": undefined,
            "parent": undefined,
            "parseDiagnostics": [],
            "path": "",
            "pos": 0,
            "pragmas": Map {},
            "referencedFiles": [],
            "resolvedPath": "",
            "scriptKind": 4,
            "setExternalModuleIndicator": [Function],
            "statements": [
              [Circular],
              NodeObject {
                "elseStatement": NodeObject {
                  "elseStatement": undefined,
                  "emitNode": undefined,
                  "end": 126,
                  "expression": TokenObject {
                    "emitNode": undefined,
                    "end": 110,
                    "flags": 0,
                    "id": 0,
                    "kind": 97,
                    "parent": [Circular],
                    "pos": 105,
                    "transformFlags": 0,
                  },
                  "flags": 0,
                  "flowNode": undefined,
                  "id": 0,
                  "jsDoc": undefined,
                  "kind": 246,
                  "modifierFlagsCache": 0,
                  "original": undefined,
                  "parent": [Circular],
                  "pos": 100,
                  "thenStatement": NodeObject {
                    "emitNode": undefined,
                    "end": 126,
                    "flags": 0,
                    "id": 0,
                    "jsDoc": undefined,
                    "kind": 242,
                    "locals": undefined,
                    "modifierFlagsCache": 0,
                    "multiLine": true,
                    "nextContainer": undefined,
                    "original": undefined,
                    "parent": [Circular],
                    "pos": 111,
                    "statements": [
                      NodeObject {
                        "emitNode": undefined,
                        "end": 124,
                        "expression": NodeObject {
                          "emitNode": undefined,
                          "end": 123,
                          "flags": 0,
                          "id": 0,
                          "jsDoc": undefined,
                          "kind": 227,
                          "left": IdentifierObject {
                            "emitNode": undefined,
                            "end": 119,
                            "escapedText": "y",
                            "flags": 0,
                            "flowNode": undefined,
                            "id": 0,
                            "jsDoc": undefined,
                            "kind": 80,
                            "parent": [Circular],
                            "pos": 113,
                            "symbol": undefined,
                            "transformFlags": 0,
                          },
                          "localSymbol": undefined,
                          "modifierFlagsCache": 0,
                          "operatorToken": TokenObject {
                            "emitNode": undefined,
                            "end": 121,
                            "flags": 0,
                            "id": 0,
                            "kind": 64,
                            "parent": [Circular],
                            "pos": 119,
                            "transformFlags": 0,
                          },
                          "original": undefined,
                          "parent": [Circular],
                          "pos": 113,
                          "right": NodeObject {
                            "emitNode": undefined,
                            "end": 123,
                            "flags": 0,
                            "id": 0,
                            "kind": 9,
                            "localSymbol": undefined,
                            "modifierFlagsCache": 0,
                            "numericLiteralFlags": 0,
                            "original": undefined,
                            "parent": [Circular],
                            "pos": 121,
                            "symbol": undefined,
                            "text": "1",
                            "transformFlags": 0,
                          },
                          "symbol": undefined,
                          "transformFlags": 0,
                        },
                        "flags": 0,
                        "flowNode": undefined,
                        "id": 0,
                        "jsDoc": undefined,
                        "kind": 245,
                        "modifierFlagsCache": 0,
                        "original": undefined,
                        "parent": [Circular],
                        "pos": 113,
                        "transformFlags": 0,
                      },
                    ],
                    "transformFlags": 0,
                  },
                  "transformFlags": 0,
                },
                "emitNode": undefined,
                "end": 126,
                "expression": NodeObject {
                  "emitNode": undefined,
                  "end": 78,
                  "flags": 0,
                  "id": 0,
                  "jsDoc": undefined,
                  "kind": 227,
                  "left": NodeObject {
                    "emitNode": undefined,
                    "end": 73,
                    "flags": 0,
                    "id": 0,
                    "jsDoc": undefined,
                    "kind": 227,
                    "left": NodeObject {
                      "emitNode": undefined,
                      "end": 65,
                      "flags": 0,
                      "id": 0,
                      "jsDoc": undefined,
                      "kind": 227,
                      "left": IdentifierObject {
                        "emitNode": undefined,
                        "end": 55,
                        "escapedText": "x",
                        "flags": 0,
                        "flowNode": undefined,
                        "id": 0,
                        "jsDoc": undefined,
                        "kind": 80,
                        "parent": [Circular],
                        "pos": 54,
                        "symbol": undefined,
                        "transformFlags": 0,
                      },
                      "localSymbol": undefined,
                      "modifierFlagsCache": 0,
                      "operatorToken": TokenObject {
                        "emitNode": undefined,
                        "end": 58,
                        "flags": 0,
                        "id": 0,
                        "kind": 35,
                        "parent": [Circular],
                        "pos": 55,
                        "transformFlags": 0,
                      },
                      "original": undefined,
                      "parent": [Circular],
                      "pos": 54,
                      "right": NodeObject {
                        "emitNode": undefined,
                        "end": 65,
                        "flags": 0,
                        "hasExtendedUnicodeEscape": false,
                        "id": 0,
                        "kind": 11,
                        "localSymbol": undefined,
                        "modifierFlagsCache": 0,
                        "original": undefined,
                        "parent": [Circular],
                        "pos": 58,
                        "singleQuote": undefined,
                        "symbol": undefined,
                        "text": "test",
                        "transformFlags": 0,
                      },
                      "symbol": undefined,
                      "transformFlags": 0,
                    },
                    "localSymbol": undefined,
                    "modifierFlagsCache": 0,
                    "operatorToken": TokenObject {
                      "emitNode": undefined,
                      "end": 68,
                      "flags": 0,
                      "id": 0,
                      "kind": 56,
                      "parent": [Circular],
                      "pos": 65,
                      "transformFlags": 0,
                    },
                    "original": undefined,
                    "parent": [Circular],
                    "pos": 54,
                    "right": TokenObject {
                      "emitNode": undefined,
                      "end": 73,
                      "flags": 0,
                      "id": 0,
                      "kind": 112,
                      "parent": [Circular],
                      "pos": 68,
                      "transformFlags": 0,
                    },
                    "symbol": undefined,
                    "transformFlags": 0,
                  },
                  "localSymbol": undefined,
                  "modifierFlagsCache": 0,
                  "operatorToken": TokenObject {
                    "emitNode": undefined,
                    "end": 76,
                    "flags": 0,
                    "id": 0,
                    "kind": 57,
                    "parent": [Circular],
                    "pos": 73,
                    "transformFlags": 0,
                  },
                  "original": undefined,
                  "parent": [Circular],
                  "pos": 54,
                  "right": IdentifierObject {
                    "emitNode": undefined,
                    "end": 78,
                    "escapedText": "x",
                    "flags": 0,
                    "flowNode": undefined,
                    "id": 0,
                    "jsDoc": undefined,
                    "kind": 80,
                    "parent": [Circular],
                    "pos": 76,
                    "symbol": undefined,
                    "transformFlags": 0,
                  },
                  "symbol": undefined,
                  "transformFlags": 0,
                },
                "flags": 0,
                "flowNode": undefined,
                "id": 0,
                "jsDoc": undefined,
                "kind": 246,
                "modifierFlagsCache": 0,
                "original": undefined,
                "parent": [Circular],
                "pos": 49,
                "thenStatement": NodeObject {
                  "emitNode": undefined,
                  "end": 95,
                  "flags": 0,
                  "id": 0,
                  "jsDoc": undefined,
                  "kind": 242,
                  "locals": undefined,
                  "modifierFlagsCache": 0,
                  "multiLine": true,
                  "nextContainer": undefined,
                  "original": undefined,
                  "parent": [Circular],
                  "pos": 79,
                  "statements": [
                    NodeObject {
                      "emitNode": undefined,
                      "end": 93,
                      "expression": NodeObject {
                        "emitNode": undefined,
                        "end": 92,
                        "flags": 0,
                        "id": 0,
                        "jsDoc": undefined,
                        "kind": 227,
                        "left": IdentifierObject {
                          "emitNode": undefined,
                          "end": 87,
                          "escapedText": "y",
                          "flags": 0,
                          "flowNode": undefined,
                          "id": 0,
                          "jsDoc": undefined,
                          "kind": 80,
                          "parent": [Circular],
                          "pos": 81,
                          "symbol": undefined,
                          "transformFlags": 0,
                        },
                        "localSymbol": undefined,
                        "modifierFlagsCache": 0,
                        "operatorToken": TokenObject {
                          "emitNode": undefined,
                          "end": 89,
                          "flags": 0,
                          "id": 0,
                          "kind": 64,
                          "parent": [Circular],
                          "pos": 87,
                          "transformFlags": 0,
                        },
                        "original": undefined,
                        "parent": [Circular],
                        "pos": 81,
                        "right": NodeObject {
                          "emitNode": undefined,
                          "end": 92,
                          "flags": 0,
                          "id": 0,
                          "kind": 225,
                          "modifierFlagsCache": 0,
                          "operand": NodeObject {
                            "emitNode": undefined,
                            "end": 92,
                            "flags": 0,
                            "id": 0,
                            "kind": 9,
                            "localSymbol": undefined,
                            "modifierFlagsCache": 0,
                            "numericLiteralFlags": 0,
                            "original": undefined,
                            "parent": [Circular],
                            "pos": 91,
                            "symbol": undefined,
                            "text": "1",
                            "transformFlags": 0,
                          },
                          "operator": 41,
                          "original": undefined,
                          "parent": [Circular],
                          "pos": 89,
                          "transformFlags": 0,
                        },
                        "symbol": undefined,
                        "transformFlags": 0,
                      },
                      "flags": 0,
                      "flowNode": undefined,
                      "id": 0,
                      "jsDoc": undefined,
                      "kind": 245,
                      "modifierFlagsCache": 0,
                      "original": undefined,
                      "parent": [Circular],
                      "pos": 81,
                      "transformFlags": 0,
                    },
                  ],
                  "transformFlags": 0,
                },
                "transformFlags": 0,
              },
            ],
            "symbolCount": 0,
            "text": "

if (x === 1) {
    foo();
} else {
    x = 2;
}
if (x == 'test' && true || x) {
    y = -1;
} else if (false) {
    y = 1;
}

",
            "transformFlags": 0,
            "typeReferenceDirectives": [],
          },
          "pos": 0,
          "thenStatement": NodeObject {
            "emitNode": undefined,
            "end": 29,
            "flags": 0,
            "id": 0,
            "jsDoc": undefined,
            "kind": 242,
            "locals": undefined,
            "modifierFlagsCache": 0,
            "multiLine": true,
            "nextContainer": undefined,
            "original": undefined,
            "parent": [Circular],
            "pos": 14,
            "statements": [
              NodeObject {
                "emitNode": undefined,
                "end": 27,
                "expression": NodeObject {
                  "arguments": [],
                  "emitNode": undefined,
                  "end": 26,
                  "expression": IdentifierObject {
                    "emitNode": undefined,
                    "end": 24,
                    "escapedText": "foo",
                    "flags": 0,
                    "flowNode": undefined,
                    "id": 0,
                    "jsDoc": undefined,
                    "kind": 80,
                    "parent": [Circular],
                    "pos": 16,
                    "symbol": undefined,
                    "transformFlags": 0,
                  },
                  "flags": 0,
                  "id": 0,
                  "kind": 214,
                  "localSymbol": undefined,
                  "modifierFlagsCache": 0,
                  "original": undefined,
                  "parent": [Circular],
                  "pos": 16,
                  "questionDotToken": undefined,
                  "symbol": undefined,
                  "transformFlags": 0,
                  "typeArguments": undefined,
                },
                "flags": 0,
                "flowNode": undefined,
                "id": 0,
                "jsDoc": undefined,
                "kind": 245,
                "modifierFlagsCache": 0,
                "original": undefined,
                "parent": [Circular],
                "pos": 16,
                "transformFlags": 0,
              },
            ],
            "transformFlags": 0,
          },
          "transformFlags": 0,
        },
        "pos": 34,
        "statements": [
          [Circular],
        ],
        "transformFlags": 0,
      },
      "pos": 36,
      "transformFlags": 0,
    },
    "pos": 36,
    "right": NodeObject {
      "emitNode": undefined,
      "end": 46,
      "flags": 0,
      "id": 0,
      "kind": 9,
      "localSymbol": undefined,
      "modifierFlagsCache": 0,
      "numericLiteralFlags": 0,
      "original": undefined,
      "parent": [Circular],
      "pos": 44,
      "symbol": undefined,
      "text": "2",
      "transformFlags": 0,
    },
    "symbol": undefined,
    "transformFlags": 0,
  },
  NodeObject {
    "emitNode": undefined,
    "end": 78,
    "flags": 0,
    "id": 0,
    "jsDoc": undefined,
    "kind": 227,
    "left": NodeObject {
      "emitNode": undefined,
      "end": 73,
      "flags": 0,
      "id": 0,
      "jsDoc": undefined,
      "kind": 227,
      "left": NodeObject {
        "emitNode": undefined,
        "end": 65,
        "flags": 0,
        "id": 0,
        "jsDoc": undefined,
        "kind": 227,
        "left": IdentifierObject {
          "emitNode": undefined,
          "end": 55,
          "escapedText": "x",
          "flags": 0,
          "flowNode": undefined,
          "id": 0,
          "jsDoc": undefined,
          "kind": 80,
          "parent": [Circular],
          "pos": 54,
          "symbol": undefined,
          "transformFlags": 0,
        },
        "localSymbol": undefined,
        "modifierFlagsCache": 0,
        "operatorToken": TokenObject {
          "emitNode": undefined,
          "end": 58,
          "flags": 0,
          "id": 0,
          "kind": 35,
          "parent": [Circular],
          "pos": 55,
          "transformFlags": 0,
        },
        "original": undefined,
        "parent": [Circular],
        "pos": 54,
        "right": NodeObject {
          "emitNode": undefined,
          "end": 65,
          "flags": 0,
          "hasExtendedUnicodeEscape": false,
          "id": 0,
          "kind": 11,
          "localSymbol": undefined,
          "modifierFlagsCache": 0,
          "original": undefined,
          "parent": [Circular],
          "pos": 58,
          "singleQuote": undefined,
          "symbol": undefined,
          "text": "test",
          "transformFlags": 0,
        },
        "symbol": undefined,
        "transformFlags": 0,
      },
      "localSymbol": undefined,
      "modifierFlagsCache": 0,
      "operatorToken": TokenObject {
        "emitNode": undefined,
        "end": 68,
        "flags": 0,
        "id": 0,
        "kind": 56,
        "parent": [Circular],
        "pos": 65,
        "transformFlags": 0,
      },
      "original": undefined,
      "parent": [Circular],
      "pos": 54,
      "right": TokenObject {
        "emitNode": undefined,
        "end": 73,
        "flags": 0,
        "id": 0,
        "kind": 112,
        "parent": [Circular],
        "pos": 68,
        "transformFlags": 0,
      },
      "symbol": undefined,
      "transformFlags": 0,
    },
    "localSymbol": undefined,
    "modifierFlagsCache": 0,
    "operatorToken": TokenObject {
      "emitNode": undefined,
      "end": 76,
      "flags": 0,
      "id": 0,
      "kind": 57,
      "parent": [Circular],
      "pos": 73,
      "transformFlags": 0,
    },
    "original": undefined,
    "parent": NodeObject {
      "elseStatement": NodeObject {
        "elseStatement": undefined,
        "emitNode": undefined,
        "end": 126,
        "expression": TokenObject {
          "emitNode": undefined,
          "end": 110,
          "flags": 0,
          "id": 0,
          "kind": 97,
          "parent": [Circular],
          "pos": 105,
          "transformFlags": 0,
        },
        "flags": 0,
        "flowNode": undefined,
        "id": 0,
        "jsDoc": undefined,
        "kind": 246,
        "modifierFlagsCache": 0,
        "original": undefined,
        "parent": [Circular],
        "pos": 100,
        "thenStatement": NodeObject {
          "emitNode": undefined,
          "end": 126,
          "flags": 0,
          "id": 0,
          "jsDoc": undefined,
          "kind": 242,
          "locals": undefined,
          "modifierFlagsCache": 0,
          "multiLine": true,
          "nextContainer": undefined,
          "original": undefined,
          "parent": [Circular],
          "pos": 111,
          "statements": [
            NodeObject {
              "emitNode": undefined,
              "end": 124,
              "expression": NodeObject {
                "emitNode": undefined,
                "end": 123,
                "flags": 0,
                "id": 0,
                "jsDoc": undefined,
                "kind": 227,
                "left": IdentifierObject {
                  "emitNode": undefined,
                  "end": 119,
                  "escapedText": "y",
                  "flags": 0,
                  "flowNode": undefined,
                  "id": 0,
                  "jsDoc": undefined,
                  "kind": 80,
                  "parent": [Circular],
                  "pos": 113,
                  "symbol": undefined,
                  "transformFlags": 0,
                },
                "localSymbol": undefined,
                "modifierFlagsCache": 0,
                "operatorToken": TokenObject {
                  "emitNode": undefined,
                  "end": 121,
                  "flags": 0,
                  "id": 0,
                  "kind": 64,
                  "parent": [Circular],
                  "pos": 119,
                  "transformFlags": 0,
                },
                "original": undefined,
                "parent": [Circular],
                "pos": 113,
                "right": NodeObject {
                  "emitNode": undefined,
                  "end": 123,
                  "flags": 0,
                  "id": 0,
                  "kind": 9,
                  "localSymbol": undefined,
                  "modifierFlagsCache": 0,
                  "numericLiteralFlags": 0,
                  "original": undefined,
                  "parent": [Circular],
                  "pos": 121,
                  "symbol": undefined,
                  "text": "1",
                  "transformFlags": 0,
                },
                "symbol": undefined,
                "transformFlags": 0,
              },
              "flags": 0,
              "flowNode": undefined,
              "id": 0,
              "jsDoc": undefined,
              "kind": 245,
              "modifierFlagsCache": 0,
              "original": undefined,
              "parent": [Circular],
              "pos": 113,
              "transformFlags": 0,
            },
          ],
          "transformFlags": 0,
        },
        "transformFlags": 0,
      },
      "emitNode": undefined,
      "end": 126,
      "expression": [Circular],
      "flags": 0,
      "flowNode": undefined,
      "id": 0,
      "jsDoc": undefined,
      "kind": 246,
      "modifierFlagsCache": 0,
      "original": undefined,
      "parent": SourceFileObject {
        "ambientModuleNames": undefined,
        "amdDependencies": [],
        "bindDiagnostics": [],
        "bindSuggestionDiagnostics": undefined,
        "checkJsDirective": undefined,
        "classifiableNames": undefined,
        "commentDirectives": undefined,
        "emitNode": undefined,
        "end": 128,
        "endFlowNode": undefined,
        "endOfFileToken": TokenObject {
          "emitNode": undefined,
          "end": 128,
          "flags": 0,
          "id": 0,
          "kind": 1,
          "parent": [Circular],
          "pos": 126,
          "transformFlags": 0,
        },
        "externalModuleIndicator": undefined,
        "fileName": "",
        "flags": 0,
        "hasNoDefaultLib": false,
        "id": 0,
        "identifierCount": 7,
        "identifiers": Map {
          "x" => "x",
          "foo" => "foo",
          "y" => "y",
        },
        "impliedNodeFormat": undefined,
        "imports": undefined,
        "isDeclarationFile": false,
        "jsDocParsingMode": 0,
        "kind": 308,
        "languageVariant": 1,
        "languageVersion": 99,
        "libReferenceDirectives": [],
        "lineMap": undefined,
        "locals": undefined,
        "modifierFlagsCache": 0,
        "moduleAugmentations": undefined,
        "nextContainer": undefined,
        "nodeCount": 43,
        "original": undefined,
        "originalFileName": "",
        "packageJsonLocations": undefined,
        "packageJsonScope": undefined,
        "parent": undefined,
        "parseDiagnostics": [],
        "path": "",
        "pos": 0,
        "pragmas": Map {},
        "referencedFiles": [],
        "resolvedPath": "",
        "scriptKind": 4,
        "setExternalModuleIndicator": [Function],
        "statements": [
          NodeObject {
            "elseStatement": NodeObject {
              "emitNode": undefined,
              "end": 49,
              "flags": 0,
              "id": 0,
              "jsDoc": undefined,
              "kind": 242,
              "locals": undefined,
              "modifierFlagsCache": 0,
              "multiLine": true,
              "nextContainer": undefined,
              "original": undefined,
              "parent": [Circular],
              "pos": 34,
              "statements": [
                NodeObject {
                  "emitNode": undefined,
                  "end": 47,
                  "expression": NodeObject {
                    "emitNode": undefined,
                    "end": 46,
                    "flags": 0,
                    "id": 0,
                    "jsDoc": undefined,
                    "kind": 227,
                    "left": IdentifierObject {
                      "emitNode": undefined,
                      "end": 42,
                      "escapedText": "x",
                      "flags": 0,
                      "flowNode": undefined,
                      "id": 0,
                      "jsDoc": undefined,
                      "kind": 80,
                      "parent": [Circular],
                      "pos": 36,
                      "symbol": undefined,
                      "transformFlags": 0,
                    },
                    "localSymbol": undefined,
                    "modifierFlagsCache": 0,
                    "operatorToken": TokenObject {
                      "emitNode": undefined,
                      "end": 44,
                      "flags": 0,
                      "id": 0,
                      "kind": 64,
                      "parent": [Circular],
                      "pos": 42,
                      "transformFlags": 0,
                    },
                    "original": undefined,
                    "parent": [Circular],
                    "pos": 36,
                    "right": NodeObject {
                      "emitNode": undefined,
                      "end": 46,
                      "flags": 0,
                      "id": 0,
                      "kind": 9,
                      "localSymbol": undefined,
                      "modifierFlagsCache": 0,
                      "numericLiteralFlags": 0,
                      "original": undefined,
                      "parent": [Circular],
                      "pos": 44,
                      "symbol": undefined,
                      "text": "2",
                      "transformFlags": 0,
                    },
                    "symbol": undefined,
                    "transformFlags": 0,
                  },
                  "flags": 0,
                  "flowNode": undefined,
                  "id": 0,
                  "jsDoc": undefined,
                  "kind": 245,
                  "modifierFlagsCache": 0,
                  "original": undefined,
                  "parent": [Circular],
                  "pos": 36,
                  "transformFlags": 0,
                },
              ],
              "transformFlags": 0,
            },
            "emitNode": undefined,
            "end": 49,
            "expression": NodeObject {
              "emitNode": undefined,
              "end": 13,
              "flags": 0,
              "id": 0,
              "jsDoc": undefined,
              "kind": 227,
              "left": IdentifierObject {
                "emitNode": undefined,
                "end": 7,
                "escapedText": "x",
                "flags": 0,
                "flowNode": undefined,
                "id": 0,
                "jsDoc": undefined,
                "kind": 80,
                "parent": [Circular],
                "pos": 6,
                "symbol": undefined,
                "transformFlags": 0,
              },
              "localSymbol": undefined,
              "modifierFlagsCache": 0,
              "operatorToken": TokenObject {
                "emitNode": undefined,
                "end": 11,
                "flags": 0,
                "id": 0,
                "kind": 37,
                "parent": [Circular],
                "pos": 7,
                "transformFlags": 0,
              },
              "original": undefined,
              "parent": [Circular],
              "pos": 6,
              "right": NodeObject {
                "emitNode": undefined,
                "end": 13,
                "flags": 0,
                "id": 0,
                "kind": 9,
                "localSymbol": undefined,
                "modifierFlagsCache": 0,
                "numericLiteralFlags": 0,
                "original": undefined,
                "parent": [Circular],
                "pos": 11,
                "symbol": undefined,
                "text": "1",
                "transformFlags": 0,
              },
              "symbol": undefined,
              "transformFlags": 0,
            },
            "flags": 0,
            "flowNode": undefined,
            "id": 0,
            "jsDoc": undefined,
            "kind": 246,
            "modifierFlagsCache": 0,
            "original": undefined,
            "parent": [Circular],
            "pos": 0,
            "thenStatement": NodeObject {
              "emitNode": undefined,
              "end": 29,
              "flags": 0,
              "id": 0,
              "jsDoc": undefined,
              "kind": 242,
              "locals": undefined,
              "modifierFlagsCache": 0,
              "multiLine": true,
              "nextContainer": undefined,
              "original": undefined,
              "parent": [Circular],
              "pos": 14,
              "statements": [
                NodeObject {
                  "emitNode": undefined,
                  "end": 27,
                  "expression": NodeObject {
                    "arguments": [],
                    "emitNode": undefined,
                    "end": 26,
                    "expression": IdentifierObject {
                      "emitNode": undefined,
                      "end": 24,
                      "escapedText": "foo",
                      "flags": 0,
                      "flowNode": undefined,
                      "id": 0,
                      "jsDoc": undefined,
                      "kind": 80,
                      "parent": [Circular],
                      "pos": 16,
                      "symbol": undefined,
                      "transformFlags": 0,
                    },
                    "flags": 0,
                    "id": 0,
                    "kind": 214,
                    "localSymbol": undefined,
                    "modifierFlagsCache": 0,
                    "original": undefined,
                    "parent": [Circular],
                    "pos": 16,
                    "questionDotToken": undefined,
                    "symbol": undefined,
                    "transformFlags": 0,
                    "typeArguments": undefined,
                  },
                  "flags": 0,
                  "flowNode": undefined,
                  "id": 0,
                  "jsDoc": undefined,
                  "kind": 245,
                  "modifierFlagsCache": 0,
                  "original": undefined,
                  "parent": [Circular],
                  "pos": 16,
                  "transformFlags": 0,
                },
              ],
              "transformFlags": 0,
            },
            "transformFlags": 0,
          },
          [Circular],
        ],
        "symbolCount": 0,
        "text": "

if (x === 1) {
    foo();
} else {
    x = 2;
}
if (x == 'test' && true || x) {
    y = -1;
} else if (false) {
    y = 1;
}

",
        "transformFlags": 0,
        "typeReferenceDirectives": [],
      },
      "pos": 49,
      "thenStatement": NodeObject {
        "emitNode": undefined,
        "end": 95,
        "flags": 0,
        "id": 0,
        "jsDoc": undefined,
        "kind": 242,
        "locals": undefined,
        "modifierFlagsCache": 0,
        "multiLine": true,
        "nextContainer": undefined,
        "original": undefined,
        "parent": [Circular],
        "pos": 79,
        "statements": [
          NodeObject {
            "emitNode": undefined,
            "end": 93,
            "expression": NodeObject {
              "emitNode": undefined,
              "end": 92,
              "flags": 0,
              "id": 0,
              "jsDoc": undefined,
              "kind": 227,
              "left": IdentifierObject {
                "emitNode": undefined,
                "end": 87,
                "escapedText": "y",
                "flags": 0,
                "flowNode": undefined,
                "id": 0,
                "jsDoc": undefined,
                "kind": 80,
                "parent": [Circular],
                "pos": 81,
                "symbol": undefined,
                "transformFlags": 0,
              },
              "localSymbol": undefined,
              "modifierFlagsCache": 0,
              "operatorToken": TokenObject {
                "emitNode": undefined,
                "end": 89,
                "flags": 0,
                "id": 0,
                "kind": 64,
                "parent": [Circular],
                "pos": 87,
                "transformFlags": 0,
              },
              "original": undefined,
              "parent": [Circular],
              "pos": 81,
              "right": NodeObject {
                "emitNode": undefined,
                "end": 92,
                "flags": 0,
                "id": 0,
                "kind": 225,
                "modifierFlagsCache": 0,
                "operand": NodeObject {
                  "emitNode": undefined,
                  "end": 92,
                  "flags": 0,
                  "id": 0,
                  "kind": 9,
                  "localSymbol": undefined,
                  "modifierFlagsCache": 0,
                  "numericLiteralFlags": 0,
                  "original": undefined,
                  "parent": [Circular],
                  "pos": 91,
                  "symbol": undefined,
                  "text": "1",
                  "transformFlags": 0,
                },
                "operator": 41,
                "original": undefined,
                "parent": [Circular],
                "pos": 89,
                "transformFlags": 0,
              },
              "symbol": undefined,
              "transformFlags": 0,
            },
            "flags": 0,
            "flowNode": undefined,
            "id": 0,
            "jsDoc": undefined,
            "kind": 245,
            "modifierFlagsCache": 0,
            "original": undefined,
            "parent": [Circular],
            "pos": 81,
            "transformFlags": 0,
          },
        ],
        "transformFlags": 0,
      },
      "transformFlags": 0,
    },
    "pos": 54,
    "right": IdentifierObject {
      "emitNode": undefined,
      "end": 78,
      "escapedText": "x",
      "flags": 0,
      "flowNode": undefined,
      "id": 0,
      "jsDoc": undefined,
      "kind": 80,
      "parent": [Circular],
      "pos": 76,
      "symbol": undefined,
      "transformFlags": 0,
    },
    "symbol": undefined,
    "transformFlags": 0,
  },
  NodeObject {
    "emitNode": undefined,
    "end": 65,
    "flags": 0,
    "id": 0,
    "jsDoc": undefined,
    "kind": 227,
    "left": IdentifierObject {
      "emitNode": undefined,
      "end": 55,
      "escapedText": "x",
      "flags": 0,
      "flowNode": undefined,
      "id": 0,
      "jsDoc": undefined,
      "kind": 80,
      "parent": [Circular],
      "pos": 54,
      "symbol": undefined,
      "transformFlags": 0,
    },
    "localSymbol": undefined,
    "modifierFlagsCache": 0,
    "operatorToken": TokenObject {
      "emitNode": undefined,
      "end": 58,
      "flags": 0,
      "id": 0,
      "kind": 35,
      "parent": [Circular],
      "pos": 55,
      "transformFlags": 0,
    },
    "original": undefined,
    "parent": NodeObject {
      "emitNode": undefined,
      "end": 73,
      "flags": 0,
      "id": 0,
      "jsDoc": undefined,
      "kind": 227,
      "left": [Circular],
      "localSymbol": undefined,
      "modifierFlagsCache": 0,
      "operatorToken": TokenObject {
        "emitNode": undefined,
        "end": 68,
        "flags": 0,
        "id": 0,
        "kind": 56,
        "parent": [Circular],
        "pos": 65,
        "transformFlags": 0,
      },
      "original": undefined,
      "parent": NodeObject {
        "emitNode": undefined,
        "end": 78,
        "flags": 0,
        "id": 0,
        "jsDoc": undefined,
        "kind": 227,
        "left": [Circular],
        "localSymbol": undefined,
        "modifierFlagsCache": 0,
        "operatorToken": TokenObject {
          "emitNode": undefined,
          "end": 76,
          "flags": 0,
          "id": 0,
          "kind": 57,
          "parent": [Circular],
          "pos": 73,
          "transformFlags": 0,
        },
        "original": undefined,
        "parent": NodeObject {
          "elseStatement": NodeObject {
            "elseStatement": undefined,
            "emitNode": undefined,
            "end": 126,
            "expression": TokenObject {
              "emitNode": undefined,
              "end": 110,
              "flags": 0,
              "id": 0,
              "kind": 97,
              "parent": [Circular],
              "pos": 105,
              "transformFlags": 0,
            },
            "flags": 0,
            "flowNode": undefined,
            "id": 0,
            "jsDoc": undefined,
            "kind": 246,
            "modifierFlagsCache": 0,
            "original": undefined,
            "parent": [Circular],
            "pos": 100,
            "thenStatement": NodeObject {
              "emitNode": undefined,
              "end": 126,
              "flags": 0,
              "id": 0,
              "jsDoc": undefined,
              "kind": 242,
              "locals": undefined,
              "modifierFlagsCache": 0,
              "multiLine": true,
              "nextContainer": undefined,
              "original": undefined,
              "parent": [Circular],
              "pos": 111,
              "statements": [
                NodeObject {
                  "emitNode": undefined,
                  "end": 124,
                  "expression": NodeObject {
                    "emitNode": undefined,
                    "end": 123,
                    "flags": 0,
                    "id": 0,
                    "jsDoc": undefined,
                    "kind": 227,
                    "left": IdentifierObject {
                      "emitNode": undefined,
                      "end": 119,
                      "escapedText": "y",
                      "flags": 0,
                      "flowNode": undefined,
                      "id": 0,
                      "jsDoc": undefined,
                      "kind": 80,
                      "parent": [Circular],
                      "pos": 113,
                      "symbol": undefined,
                      "transformFlags": 0,
                    },
                    "localSymbol": undefined,
                    "modifierFlagsCache": 0,
                    "operatorToken": TokenObject {
                      "emitNode": undefined,
                      "end": 121,
                      "flags": 0,
                      "id": 0,
                      "kind": 64,
                      "parent": [Circular],
                      "pos": 119,
                      "transformFlags": 0,
                    },
                    "original": undefined,
                    "parent": [Circular],
                    "pos": 113,
                    "right": NodeObject {
                      "emitNode": undefined,
                      "end": 123,
                      "flags": 0,
                      "id": 0,
                      "kind": 9,
                      "localSymbol": undefined,
                      "modifierFlagsCache": 0,
                      "numericLiteralFlags": 0,
                      "original": undefined,
                      "parent": [Circular],
                      "pos": 121,
                      "symbol": undefined,
                      "text": "1",
                      "transformFlags": 0,
                    },
                    "symbol": undefined,
                    "transformFlags": 0,
                  },
                  "flags": 0,
                  "flowNode": undefined,
                  "id": 0,
                  "jsDoc": undefined,
                  "kind": 245,
                  "modifierFlagsCache": 0,
                  "original": undefined,
                  "parent": [Circular],
                  "pos": 113,
                  "transformFlags": 0,
                },
              ],
              "transformFlags": 0,
            },
            "transformFlags": 0,
          },
          "emitNode": undefined,
          "end": 126,
          "expression": [Circular],
          "flags": 0,
          "flowNode": undefined,
          "id": 0,
          "jsDoc": undefined,
          "kind": 246,
          "modifierFlagsCache": 0,
          "original": undefined,
          "parent": SourceFileObject {
            "ambientModuleNames": undefined,
            "amdDependencies": [],
            "bindDiagnostics": [],
            "bindSuggestionDiagnostics": undefined,
            "checkJsDirective": undefined,
            "classifiableNames": undefined,
            "commentDirectives": undefined,
            "emitNode": undefined,
            "end": 128,
            "endFlowNode": undefined,
            "endOfFileToken": TokenObject {
              "emitNode": undefined,
              "end": 128,
              "flags": 0,
              "id": 0,
              "kind": 1,
              "parent": [Circular],
              "pos": 126,
              "transformFlags": 0,
            },
            "externalModuleIndicator": undefined,
            "fileName": "",
            "flags": 0,
            "hasNoDefaultLib": false,
            "id": 0,
            "identifierCount": 7,
            "identifiers": Map {
              "x" => "x",
              "foo" => "foo",
              "y" => "y",
            },
            "impliedNodeFormat": undefined,
            "imports": undefined,
            "isDeclarationFile": false,
            "jsDocParsingMode": 0,
            "kind": 308,
            "languageVariant": 1,
            "languageVersion": 99,
            "libReferenceDirectives": [],
            "lineMap": undefined,
            "locals": undefined,
            "modifierFlagsCache": 0,
            "moduleAugmentations": undefined,
            "nextContainer": undefined,
            "nodeCount": 43,
            "original": undefined,
            "originalFileName": "",
            "packageJsonLocations": undefined,
            "packageJsonScope": undefined,
            "parent": undefined,
            "parseDiagnostics": [],
            "path": "",
            "pos": 0,
            "pragmas": Map {},
            "referencedFiles": [],
            "resolvedPath": "",
            "scriptKind": 4,
            "setExternalModuleIndicator": [Function],
            "statements": [
              NodeObject {
                "elseStatement": NodeObject {
                  "emitNode": undefined,
                  "end": 49,
                  "flags": 0,
                  "id": 0,
                  "jsDoc": undefined,
                  "kind": 242,
                  "locals": undefined,
                  "modifierFlagsCache": 0,
                  "multiLine": true,
                  "nextContainer": undefined,
                  "original": undefined,
                  "parent": [Circular],
                  "pos": 34,
                  "statements": [
                    NodeObject {
                      "emitNode": undefined,
                      "end": 47,
                      "expression": NodeObject {
                        "emitNode": undefined,
                        "end": 46,
                        "flags": 0,
                        "id": 0,
                        "jsDoc": undefined,
                        "kind": 227,
                        "left": IdentifierObject {
                          "emitNode": undefined,
                          "end": 42,
                          "escapedText": "x",
                          "flags": 0,
                          "flowNode": undefined,
                          "id": 0,
                          "jsDoc": undefined,
                          "kind": 80,
                          "parent": [Circular],
                          "pos": 36,
                          "symbol": undefined,
                          "transformFlags": 0,
                        },
                        "localSymbol": undefined,
                        "modifierFlagsCache": 0,
                        "operatorToken": TokenObject {
                          "emitNode": undefined,
                          "end": 44,
                          "flags": 0,
                          "id": 0,
                          "kind": 64,
                          "parent": [Circular],
                          "pos": 42,
                          "transformFlags": 0,
                        },
                        "original": undefined,
                        "parent": [Circular],
                        "pos": 36,
                        "right": NodeObject {
                          "emitNode": undefined,
                          "end": 46,
                          "flags": 0,
                          "id": 0,
                          "kind": 9,
                          "localSymbol": undefined,
                          "modifierFlagsCache": 0,
                          "numericLiteralFlags": 0,
                          "original": undefined,
                          "parent": [Circular],
                          "pos": 44,
                          "symbol": undefined,
                          "text": "2",
                          "transformFlags": 0,
                        },
                        "symbol": undefined,
                        "transformFlags": 0,
                      },
                      "flags": 0,
                      "flowNode": undefined,
                      "id": 0,
                      "jsDoc": undefined,
                      "kind": 245,
                      "modifierFlagsCache": 0,
                      "original": undefined,
                      "parent": [Circular],
                      "pos": 36,
                      "transformFlags": 0,
                    },
                  ],
                  "transformFlags": 0,
                },
                "emitNode": undefined,
                "end": 49,
                "expression": NodeObject {
                  "emitNode": undefined,
                  "end": 13,
                  "flags": 0,
                  "id": 0,
                  "jsDoc": undefined,
                  "kind": 227,
                  "left": IdentifierObject {
                    "emitNode": undefined,
                    "end": 7,
                    "escapedText": "x",
                    "flags": 0,
                    "flowNode": undefined,
                    "id": 0,
                    "jsDoc": undefined,
                    "kind": 80,
                    "parent": [Circular],
                    "pos": 6,
                    "symbol": undefined,
                    "transformFlags": 0,
                  },
                  "localSymbol": undefined,
                  "modifierFlagsCache": 0,
                  "operatorToken": TokenObject {
                    "emitNode": undefined,
                    "end": 11,
                    "flags": 0,
                    "id": 0,
                    "kind": 37,
                    "parent": [Circular],
                    "pos": 7,
                    "transformFlags": 0,
                  },
                  "original": undefined,
                  "parent": [Circular],
                  "pos": 6,
                  "right": NodeObject {
                    "emitNode": undefined,
                    "end": 13,
                    "flags": 0,
                    "id": 0,
                    "kind": 9,
                    "localSymbol": undefined,
                    "modifierFlagsCache": 0,
                    "numericLiteralFlags": 0,
                    "original": undefined,
                    "parent": [Circular],
                    "pos": 11,
                    "symbol": undefined,
                    "text": "1",
                    "transformFlags": 0,
                  },
                  "symbol": undefined,
                  "transformFlags": 0,
                },
                "flags": 0,
                "flowNode": undefined,
                "id": 0,
                "jsDoc": undefined,
                "kind": 246,
                "modifierFlagsCache": 0,
                "original": undefined,
                "parent": [Circular],
                "pos": 0,
                "thenStatement": NodeObject {
                  "emitNode": undefined,
                  "end": 29,
                  "flags": 0,
                  "id": 0,
                  "jsDoc": undefined,
                  "kind": 242,
                  "locals": undefined,
                  "modifierFlagsCache": 0,
                  "multiLine": true,
                  "nextContainer": undefined,
                  "original": undefined,
                  "parent": [Circular],
                  "pos": 14,
                  "statements": [
                    NodeObject {
                      "emitNode": undefined,
                      "end": 27,
                      "expression": NodeObject {
                        "arguments": [],
                        "emitNode": undefined,
                        "end": 26,
                        "expression": IdentifierObject {
                          "emitNode": undefined,
                          "end": 24,
                          "escapedText": "foo",
                          "flags": 0,
                          "flowNode": undefined,
                          "id": 0,
                          "jsDoc": undefined,
                          "kind": 80,
                          "parent": [Circular],
                          "pos": 16,
                          "symbol": undefined,
                          "transformFlags": 0,
                        },
                        "flags": 0,
                        "id": 0,
                        "kind": 214,
                        "localSymbol": undefined,
                        "modifierFlagsCache": 0,
                        "original": undefined,
                        "parent": [Circular],
                        "pos": 16,
                        "questionDotToken": undefined,
                        "symbol": undefined,
                        "transformFlags": 0,
                        "typeArguments": undefined,
                      },
                      "flags": 0,
                      "flowNode": undefined,
                      "id": 0,
                      "jsDoc": undefined,
                      "kind": 245,
                      "modifierFlagsCache": 0,
                      "original": undefined,
                      "parent": [Circular],
                      "pos": 16,
                      "transformFlags": 0,
                    },
                  ],
                  "transformFlags": 0,
                },
                "transformFlags": 0,
              },
              [Circular],
            ],
            "symbolCount": 0,
            "text": "

if (x === 1) {
    foo();
} else {
    x = 2;
}
if (x == 'test' && true || x) {
    y = -1;
} else if (false) {
    y = 1;
}

",
            "transformFlags": 0,
            "typeReferenceDirectives": [],
          },
          "pos": 49,
          "thenStatement": NodeObject {
            "emitNode": undefined,
            "end": 95,
            "flags": 0,
            "id": 0,
            "jsDoc": undefined,
            "kind": 242,
            "locals": undefined,
            "modifierFlagsCache": 0,
            "multiLine": true,
            "nextContainer": undefined,
            "original": undefined,
            "parent": [Circular],
            "pos": 79,
            "statements": [
              NodeObject {
                "emitNode": undefined,
                "end": 93,
                "expression": NodeObject {
                  "emitNode": undefined,
                  "end": 92,
                  "flags": 0,
                  "id": 0,
                  "jsDoc": undefined,
                  "kind": 227,
                  "left": IdentifierObject {
                    "emitNode": undefined,
                    "end": 87,
                    "escapedText": "y",
                    "flags": 0,
                    "flowNode": undefined,
                    "id": 0,
                    "jsDoc": undefined,
                    "kind": 80,
                    "parent": [Circular],
                    "pos": 81,
                    "symbol": undefined,
                    "transformFlags": 0,
                  },
                  "localSymbol": undefined,
                  "modifierFlagsCache": 0,
                  "operatorToken": TokenObject {
                    "emitNode": undefined,
                    "end": 89,
                    "flags": 0,
                    "id": 0,
                    "kind": 64,
                    "parent": [Circular],
                    "pos": 87,
                    "transformFlags": 0,
                  },
                  "original": undefined,
                  "parent": [Circular],
                  "pos": 81,
                  "right": NodeObject {
                    "emitNode": undefined,
                    "end": 92,
                    "flags": 0,
                    "id": 0,
                    "kind": 225,
                    "modifierFlagsCache": 0,
                    "operand": NodeObject {
                      "emitNode": undefined,
                      "end": 92,
                      "flags": 0,
                      "id": 0,
                      "kind": 9,
                      "localSymbol": undefined,
                      "modifierFlagsCache": 0,
                      "numericLiteralFlags": 0,
                      "original": undefined,
                      "parent": [Circular],
                      "pos": 91,
                      "symbol": undefined,
                      "text": "1",
                      "transformFlags": 0,
                    },
                    "operator": 41,
                    "original": undefined,
                    "parent": [Circular],
                    "pos": 89,
                    "transformFlags": 0,
                  },
                  "symbol": undefined,
                  "transformFlags": 0,
                },
                "flags": 0,
                "flowNode": undefined,
                "id": 0,
                "jsDoc": undefined,
                "kind": 245,
                "modifierFlagsCache": 0,
                "original": undefined,
                "parent": [Circular],
                "pos": 81,
                "transformFlags": 0,
              },
            ],
            "transformFlags": 0,
          },
          "transformFlags": 0,
        },
        "pos": 54,
        "right": IdentifierObject {
          "emitNode": undefined,
          "end": 78,
          "escapedText": "x",
          "flags": 0,
          "flowNode": undefined,
          "id": 0,
          "jsDoc": undefined,
          "kind": 80,
          "parent": [Circular],
          "pos": 76,
          "symbol": undefined,
          "transformFlags": 0,
        },
        "symbol": undefined,
        "transformFlags": 0,
      },
      "pos": 54,
      "right": TokenObject {
        "emitNode": undefined,
        "end": 73,
        "flags": 0,
        "id": 0,
        "kind": 112,
        "parent": [Circular],
        "pos": 68,
        "transformFlags": 0,
      },
      "symbol": undefined,
      "transformFlags": 0,
    },
    "pos": 54,
    "right": NodeObject {
      "emitNode": undefined,
      "end": 65,
      "flags": 0,
      "hasExtendedUnicodeEscape": false,
      "id": 0,
      "kind": 11,
      "localSymbol": undefined,
      "modifierFlagsCache": 0,
      "original": undefined,
      "parent": [Circular],
      "pos": 58,
      "singleQuote": undefined,
      "symbol": undefined,
      "text": "test",
      "transformFlags": 0,
    },
    "symbol": undefined,
    "transformFlags": 0,
  },
]
`;
